// Jest Snapshot v1, https://goo.gl/fbAQLP

exports[`chrome-web-store-button should render button link 1`] = `"<style type="text/css" rel="stylesheet" role="presentation"></style><a target="_blank" href="https://google.com" title="Chrome Web Store"><svg>chrome-web-store-button-icon</svg></a>"`;
