// Jest Snapshot v1, https://goo.gl/fbAQLP

exports[`github-button should render button link 1`] = `"<style type="text/css" rel="stylesheet" role="presentation"></style><a target="_blank" href="https://githib.com" title="Github Repo"><svg>github-button-icon</svg></a>"`;
