// Jest Snapshot v1, https://goo.gl/fbAQLP

exports[`FloatingMessageElement header should display the header 1`] = `null`;
