// Jest Snapshot v1, https://goo.gl/fbAQLP

exports[`extension should run 1`] = `"<style></style><div class="root-container"><div class="formatted-json-container"><span class="root"><span class="toggle"></span><span class="object"><span class="bracket">{</span><span class="inner"><span class="property"><span class="key">"title"</span><span class="colon">:</span><span class="string">"delectus aut autem"</span><span class="comma">,</span></span><span class="property"><span class="key">"completed"</span><span class="colon">:</span><span class="boolean">false</span><span class="comma">,</span></span><span class="property"><span class="key">"userId"</span><span class="colon">:</span><span class="number">1</span><span class="comma">,</span></span><span class="property"><span class="key">"id"</span><span class="colon">:</span><span class="number">1</span></span></span><span class="ellipsis"></span><span class="bracket">}</span></span></span></div><div class="raw-json-container"><pre></pre></div></div><div class="button-container"><button class="active">Formatted</button><button>Raw</button></div>"`;
