// Jest Snapshot v1, https://goo.gl/fbAQLP

exports[`info-button should render button link 1`] = `"<style type="text/css" rel="stylesheet" role="presentation"></style><a target="_blank" href="https://test.com"><svg>info-button-icon</svg></a>"`;
